// Jest Snapshot v1, https://goo.gl/fbAQLP

exports[`Should correctly render ExpensesSummary with 1 expense 1`] = `
<div
  className="page-header"
>
  <div
    className="content-container"
  >
    <h1
      className="page-header__title"
    >
      Viewing 
      <span>
        1
      </span>
       
      expense
       totalling 
      <span>
        $2.35
      </span>
    </h1>
    <div
      className="page-header__actions"
    >
      <Link
        className="button"
        replace={false}
        to="/create"
      >
        Add Expense
      </Link>
    </div>
  </div>
</div>
`;

exports[`Should correctly render ExpensesSummary with multiple expenses 1`] = `
<div
  className="page-header"
>
  <div
    className="content-container"
  >
    <h1
      className="page-header__title"
    >
      Viewing 
      <span>
        2
      </span>
       
      expenses
       totalling 
      <span>
        $57.89
      </span>
    </h1>
    <div
      className="page-header__actions"
    >
      <Link
        className="button"
        replace={false}
        to="/create"
      >
        Add Expense
      </Link>
    </div>
  </div>
</div>
`;

exports[`Should correctly render ExpensesSummary with zero expenses 1`] = `
<div
  className="page-header"
>
  <div
    className="content-container"
  >
    <h1
      className="page-header__title"
    >
      No current expenses. Go out and spend some money!
    </h1>
    <div
      className="page-header__actions"
    >
      <Link
        className="button"
        replace={false}
        to="/create"
      >
        Add Expense
      </Link>
    </div>
  </div>
</div>
`;
